[app.retherswap.org/index.html]
[app.retherswap.org/favicon.png]
[app.retherswap.org/manifest.json]
[backblue.gif]
[fade.gif]
[index.html]
[app.retherswap.org/static/css/3.e2991308.chunk.css]
[app.retherswap.org/index.html]
[app.retherswap.org/static/js/main.a8af76b3.chunk.js]
[app.retherswap.org/static/media/Inter-Thin.d52e5e38.woff2]
[app.retherswap.org/static/media/Inter-Thin.b068b718.woff]
[app.retherswap.org/static/js/3.062b8b1c.chunk.js]
[app.retherswap.org/static/media/Inter-ThinItalic.a9780071.woff2]
[app.retherswap.org/static/media/Inter-ThinItalic.97bec988.woff]
[app.retherswap.org/static/media/Inter-ExtraLight.b3b2ed6a.woff2]
[app.retherswap.org/static/media/Inter-ExtraLight.dd19efda.woff]
[app.retherswap.org/static/media/Inter-ExtraLightItalic.079cd1e7.woff2]
[app.retherswap.org/static/media/Inter-ExtraLightItalic.a6566ae6.woff]
[app.retherswap.org/static/media/Inter-Light.780dd2ad.woff2]
[app.retherswap.org/static/media/Inter-Light.5d3776eb.woff]
[app.retherswap.org/static/media/Inter-LightItalic.df29c534.woff2]
[app.retherswap.org/static/media/Inter-LightItalic.d0fa7cbc.woff]
[app.retherswap.org/static/media/Inter-Regular.dc131113.woff2]
[app.retherswap.org/static/media/Inter-Regular.3ac83020.woff]
[app.retherswap.org/static/media/Inter-Italic.fd26ff23.woff2]
[app.retherswap.org/static/media/Inter-Italic.f137a90d.woff]
[app.retherswap.org/static/media/Inter-Medium.75db5319.woff2]
[app.retherswap.org/static/media/Inter-Medium.c0638bea.woff]
[app.retherswap.org/static/media/Inter-MediumItalic.f1e11535.woff2]
[app.retherswap.org/static/media/Inter-MediumItalic.a1b58862.woff]
[app.retherswap.org/static/media/Inter-SemiBold.007ad31a.woff2]
[app.retherswap.org/static/media/Inter-SemiBold.66a68ffa.woff]
[app.retherswap.org/static/media/Inter-SemiBoldItalic.3031b683.woff2]
[app.retherswap.org/static/media/Inter-SemiBoldItalic.6cd13dbd.woff]
[app.retherswap.org/static/media/Inter-Bold.444a7284.woff2]
[app.retherswap.org/static/media/Inter-Bold.99a0d9a7.woff]
[app.retherswap.org/static/media/Inter-BoldItalic.96284e2a.woff2]
[app.retherswap.org/static/media/Inter-BoldItalic.3aa31f73.woff]
[app.retherswap.org/static/media/Inter-ExtraBold.37da9eec.woff2]
[app.retherswap.org/static/media/Inter-ExtraBold.ab70688a.woff]
[app.retherswap.org/static/media/Inter-ExtraBoldItalic.fcc7d60e.woff2]
[app.retherswap.org/static/media/Inter-ExtraBoldItalic.728a4c7d.woff]
[app.retherswap.org/static/media/Inter-Black.661569af.woff2]
[app.retherswap.org/static/media/Inter-Black.d0b121f3.woff]
[app.retherswap.org/static/media/Inter-BlackItalic.a3cc36c8.woff2]
[app.retherswap.org/static/media/Inter-BlackItalic.e3329b2b.woff]
[app.retherswap.org/static/media/Inter-roman.var.66c6e408.woff2]
[app.retherswap.org/static/media/Inter-italic.var.1f7ca638.woff2]
[app.retherswap.org/static/media/Inter.var.8dd26c3d.woff2]
[app.retherswap.org/static/css/3.e2991308.chunk.css]
